events 243 dur 264.52 → /Users/tongcao/startup/vibe-hardware/资料/03-数学与物理准备/01-数学/01-公式变形与解方程/film2/events.json
notes 2399 peak 0.550488293170929
rms vo/music/foley -22.4 -29.3 -17.5 peak 0.6048601624494636
w0 0/1270  1s
w3 0/1270  1s
w1 0/1270  1s
w2 0/1270  1s
w4 0/1268  1s
w0 60/1270  3s
w3 60/1270  4s
w4 60/1268  4s
w2 60/1270  4s
w1 60/1270  4s
w0 120/1270  7s
w3 120/1270  7s
w2 120/1270  7s
w1 120/1270  7s
w4 120/1268  7s
w0 180/1270  10s
w2 180/1270  11s
w3 180/1270  11s
w1 180/1270  11s
w4 180/1268  11s
w0 240/1270  14s
w2 240/1270  15s
w1 240/1270  15s
w3 240/1270  15s
w4 240/1268  15s
w0 300/1270  18s
w2 300/1270  18s
w1 300/1270  19s
w3 300/1270  19s
w4 300/1268  19s
w0 360/1270  21s
w2 360/1270  22s
w4 360/1268  23s
w1 360/1270  23s
w3 360/1270  23s
w0 420/1270  25s
w2 420/1270  26s
w4 420/1268  26s
w1 420/1270  26s
w3 420/1270  27s
w0 480/1270  28s
w2 480/1270  29s
w4 480/1268  30s
w1 480/1270  30s
w3 480/1270  30s
w0 540/1270  32s
w2 540/1270  33s
w1 540/1270  34s
w4 540/1268  34s
w3 540/1270  34s
w0 600/1270  36s
w2 600/1270  37s
w1 600/1270  37s
w4 600/1268  38s
w3 600/1270  38s
w0 660/1270  40s
w4 660/1268  41s
w1 660/1270  41s
w2 660/1270  41s
w3 660/1270  43s
w0 720/1270  44s
w4 720/1268  45s
w1 720/1270  45s
w2 720/1270  46s
w3 720/1270  47s
w4 780/1268  48s
w0 780/1270  48s
w1 780/1270  49s
w2 780/1270  49s
w3 780/1270  51s
w4 840/1268  51s
w1 840/1270  52s
w0 840/1270  52s
w2 840/1270  53s
w3 840/1270  54s
w4 900/1268  55s
w1 900/1270  56s
w0 900/1270  56s
w2 900/1270  57s
w3 900/1270  58s
w4 960/1268  58s
w1 960/1270  59s
w0 960/1270  59s
w2 960/1270  60s
w3 960/1270  61s
w4 1020/1268  61s
w1 1020/1270  63s
w0 1020/1270  63s
w2 1020/1270  64s
w3 1020/1270  64s
w4 1080/1268  65s
w1 1080/1270  66s
w0 1080/1270  66s
w2 1080/1270  68s
w3 1080/1270  68s
w4 1140/1268  68s
w1 1140/1270  69s
w0 1140/1270  70s
w3 1140/1270  71s
w2 1140/1270  71s
w4 1200/1268  72s
w1 1200/1270  73s
w0 1200/1270  74s
w2 1200/1270  75s
w3 1200/1270  75s
w4 1260/1268  76s
w1 1260/1270  77s
w0 1260/1270  77s
w3 1260/1270  78s
w2 1260/1270  78s
done /Users/tongcao/startup/vibe-hardware/资料/03-数学与物理准备/01-数学/01-公式变形与解方程/film2/out/video.mp4 6348 frames 80s
/Users/tongcao/startup/vibe-hardware/资料/03-数学与物理准备/01-数学/01-公式变形与解方程/film2/gongshi-bianxing-v2.mp4
    I:         -14.0 LUFS
    LRA:         3.2 LU
    Peak:       -1.2 dBFS
subs 62
/Users/tongcao/startup/vibe-hardware/资料/03-数学与物理准备/01-数学/01-公式变形与解方程/film2/gongshi-bianxing-v2.srt 62 cues
/Users/tongcao/startup/vibe-hardware/资料/03-数学与物理准备/01-数学/01-公式变形与解方程/film2/out/stills/po_22.jpg 176ms
built /Users/tongcao/startup/vibe-hardware/资料/03-数学与物理准备/01-数学/01-公式变形与解方程/film2/gongshi-bianxing-v2.mp4
