OK   b01 | 先来一个小测验。 → 先来一个小测验。 
OK   b02 | 两杯柠檬水。小杯：1 勺柠檬汁，加 3 勺水。大杯：2 勺柠檬汁，加 8 勺水。 → 2杯柠檬水 小杯1勺柠檬汁加3勺水 大杯2勺柠檬汁加8勺水 
DIFF b03 | 哪一杯更酸？ → 乃一杯更酸。    (similarity 0.80 < 0.92)
OK   b04 | 大杯的柠檬汁更多，好像更酸？先别急着回答。 → 大碑的柠檬汁更多,好像更酸。先别急着回答。 
OK   b05 | 学完今天的比例和百分比，你就能一眼算出来。 → 学完今天的比例和百分比,你就能一眼算出来。 
DIFF b06 | 第一步：比例，就是“几份对几份”。 → 第一步,比例,就是几分对几分。    (similarity 0.83 < 0.92)
OK   b07 | 小杯是 1 勺柠檬汁对 3 勺水，写作 1 比 3。 → 小碑是一勺柠檬汁,对3勺水,写作1比3。 
OK   b08 | 想多做一些，味道不变，怎么办？ → 想多做一些,味道不变,怎么办? 
OK   b09 | 柠檬汁和水，一起乘 2：2 勺柠檬汁，6 勺水。 → 柠檬汁和水 一起乘二 两勺柠檬汁 六勺水。 
OK   b10 | 2 比 6，和 1 比 3，是同一个味道。 → 2比6和1比3是同一个味道。 
OK   b11 | 两边乘同一个数，比例就不变。这句话，是不是很耳熟？ → 两边成同一个数,比例就不变。这句话是不是很耳熟? 
OK   b12 | 第二步：按比例分东西。 → 第二步,按比例分东西。 
OK   b13 | 10 颗糖，哥哥和妹妹按 3 比 2 来分。各分几颗？ → 10 颗糖, 哥哥和妹妹, 按 3 比 2 来分。 各分几颗。 
DIFF b14 | 先数一共几份：3 加 2，是 5 份。 → 先数一共几分,3加2,是5分。    (similarity 0.83 < 0.92)
DIFF b15 | 10 颗糖分成 5 份，每份 2 颗。 → 10 颗糖分成 5 分,每份 2 颗。    (similarity 0.92 < 0.92)
DIFF b16 | 哥哥 3 份，就是 6 颗；妹妹 2 份，就是 4 颗。加起来，正好 10 颗。 → 哥哥三份就是六颗,妹妹两份就是四颗。 加起来,正好十颗。    (similarity 0.89 < 0.92)
DIFF b17 | 第三步：百分比，就是“每 100 份里，占几份”。 → 第三步,百分比,就是每一百分里,占几分。    (similarity 0.79 < 0.92)
DIFF b18 | 这块板上有 100 个格子。涂上 25 格，就是 25%。 → 这块板上有一百个格子, 涂上二十五格,就是百分之二十五。    (similarity 0.82 < 0.92)
DIFF b19 | 涂一半，50 格，是 50%；全部涂满，是 100%。 → 图一半,五十格是百分之五十,全部图满是百分之一百。    (similarity 0.56 < 0.92)
DIFF b20 | 25% 也可以说成：100 份里的 25 份，等于四分之一，也等于 0.25。 → 25%也可以说成100%的25分,等于1⁴也等于0.25。    (similarity 0.85 < 0.92)
OK   b21 | 记住：百分号，就是“除以 100”。 → 记住,百分号就是除以100。 
OK   b22 | 第四步：求一个数的百分之几。 → 第四步,求一个数的百分之几。 
OK   b23 | 一个书包 80 元，今天便宜 25%。能省多少钱？ → 一个书包80元,今天便宜25%。能省多少钱? 
OK   b24 | 25% 就是 0.25。80 乘 0.25，等于 20。 → 25%就是0.25, 80×0.25等于20。 
DIFF b25 | 省 20 元，只要付 60 元。 → 省二十元,只要付六十元。    (similarity 0.80 < 0.92)
OK   b26 | 口诀：部分，等于总数，乘以百分比。 → 口诀,部分,等于总数,乘以百分比。 
OK   b27 | 第五步：反过来，求总数。 → 第五步,反过来,求总数。 
OK   b28 | 一本书，你读了 30%，正好是 60 页。全书有多少页？ → 一本书,你读了30%,正好是60页。全书有多少页? 
DIFF b29 | 用上节课的方法：60 等于总数，乘以 30%。 → 用上捷克的方法,60等于总数乘以30%。    (similarity 0.88 < 0.92)
OK   b30 | 两边同时除以 30%：总数等于 60 除以 0.3，等于 200 页。 → 两边同时除以30%,总数等于60除以0.3,等于200页。 
OK   b31 | 检查一下：200 页的 30%，是 60 页。对了！ → 检查一下,200页的30%是60页。 对了。 
OK   b32 | 最后，带走三句话。 → 最后,带走三句话。 
DIFF b33 | 一，比例是几份对几份，两边乘同一个数，比例不变。 → 1.比例是几分对几分,两边乘同一个数,比例不变。    (similarity 0.90 < 0.92)
DIFF b34 | 二，百分比是每 100 份里占几份，百分号就是除以 100。 → 2. 百分比是每一百分里占几分,百分号就是除以100。    (similarity 0.85 < 0.92)
DIFF b35 | 三，部分等于总数乘以百分比；反过来，就用除法。 → 3. 部分等于总数乘100分比,反过来就用处法。    (similarity 0.82 < 0.92)
OK   b36 | 回到开头的两杯柠檬水。 → 回到开头的两杯柠檬水。 
DIFF b37 | 小杯一共 4 勺，柠檬汁占 1 勺，是 25%。 → 小碑一共四勺,鸣蒙之战一勺,是25%。    (similarity 0.67 < 0.92)
DIFF b38 | 大杯一共 10 勺，柠檬汁占 2 勺，是 20%。 → 大碑一共10勺,铃萌之战2勺,是20%。    (similarity 0.69 < 0.92)
OK   b39 | 所以，小杯更酸！比较的时候，要看占多少，不能只看有多少。 → 所以,小贝更酸,比较的时候要看占多少,不能只看有多少。 
mismatches: 16 (lang=zh, model=small)
