events 186 dur 225.6 → /Users/tongcao/startup/vibe-hardware/资料/03-数学与物理准备/01-数学/02-比例与百分比/film/events.json
notes 1913 peak 0.6188642382621765
rms vo/music/foley -20.4 -29.5 -18.1 peak 0.7093363005955426
w4 0/1082  1s
w2 0/1083  1s
w3 0/1083  1s
w0 0/1083  1s
w1 0/1083  2s
w4 60/1082  4s
w2 60/1083  4s
w3 60/1083  5s
w0 60/1083  5s
w1 60/1083  6s
w4 120/1082  9s
w2 120/1083  10s
w3 120/1083  10s
w0 120/1083  10s
w1 120/1083  12s
w4 180/1082  13s
w2 180/1083  15s
w0 180/1083  15s
w3 180/1083  15s
w1 180/1083  17s
w4 240/1082  18s
w0 240/1083  20s
w2 240/1083  20s
w3 240/1083  21s
w4 300/1082  22s
w1 240/1083  23s
w0 300/1083  25s
w3 300/1083  25s
w2 300/1083  25s
w4 360/1082  26s
w1 300/1083  28s
w3 360/1083  30s
w0 360/1083  30s
w2 360/1083  30s
w4 420/1082  31s
w1 360/1083  33s
w3 420/1083  35s
w0 420/1083  35s
w2 420/1083  36s
w4 480/1082  36s
w1 420/1083  38s
w3 480/1083  39s
w0 480/1083  40s
w4 540/1082  41s
w2 480/1083  41s
w1 480/1083  43s
w3 540/1083  44s
w0 540/1083  46s
w4 600/1082  46s
w2 540/1083  46s
w1 540/1083  48s
w3 600/1083  49s
w4 660/1082  51s
w0 600/1083  51s
w2 600/1083  52s
w1 600/1083  53s
w3 660/1083  54s
w4 720/1082  56s
w2 660/1083  57s
w0 660/1083  57s
w1 660/1083  58s
w3 720/1083  60s
w4 780/1082  62s
w2 720/1083  62s
w0 720/1083  62s
w1 720/1083  63s
w3 780/1083  65s
w2 780/1083  67s
w4 840/1082  67s
w0 780/1083  67s
w1 780/1083  68s
w3 840/1083  70s
w2 840/1083  71s
w4 900/1082  72s
w0 840/1083  73s
w1 840/1083  74s
w3 900/1083  75s
w2 900/1083  77s
w0 900/1083  78s
w4 960/1082  78s
w1 900/1083  80s
w3 960/1083  81s
w2 960/1083  82s
w0 960/1083  84s
w4 1020/1082  84s
w1 960/1083  85s
w3 1020/1083  87s
w2 1020/1083  88s
w4 1080/1082  90s
w0 1020/1083  90s
w1 1020/1083  91s
w3 1080/1083  92s
w2 1080/1083  93s
w0 1080/1083  94s
w1 1080/1083  95s
done /Users/tongcao/startup/vibe-hardware/资料/03-数学与物理准备/01-数学/02-比例与百分比/film/out/video.mp4 5414 frames 96s
/Users/tongcao/startup/vibe-hardware/资料/03-数学与物理准备/01-数学/02-比例与百分比/film/bili-baifenbi.mp4
    I:         -14.0 LUFS
    LRA:         3.5 LU
    Peak:       -1.2 dBFS
subs 48
/Users/tongcao/startup/vibe-hardware/资料/03-数学与物理准备/01-数学/02-比例与百分比/film/bili-baifenbi.srt 48 cues
/Users/tongcao/startup/vibe-hardware/资料/03-数学与物理准备/01-数学/02-比例与百分比/film/out/stills/po_22.jpg 150ms
built /Users/tongcao/startup/vibe-hardware/资料/03-数学与物理准备/01-数学/02-比例与百分比/film/bili-baifenbi.mp4
