DIFF a01 | 先来猜个谜。 → 先来猜个迷。    (similarity 0.80 < 0.92)
OK   a02 | 天平左边，放着一个盒子和 3 颗糖；右边，放着 7 颗糖。 → 偏平左边,放着一个盒子和三颗糖,右边放着七颗糖。 
OK   a03 | 天平是平的。盒子里有几颗糖？ → 天平是平的。 盒子里有几颗糖。 
OK   a04 | 你可能一下就猜出来了：4 颗。 → 你可能一下就猜出来了,4颗。 
OK   a05 | 恭喜，你刚刚解了一个方程！今天，我们把这种“猜”，变成一套谁都会的方法。 → 恭喜,你刚刚解了一个方程。 今天,我们把这种猜,变成一套谁都会的方法。 
OK   a06 | 第一步：等号，就是天平。 → 第一步,等号,就是天平。 
OK   a07 | 我们把盒子里的糖数，叫做 x。这架天平，就可以写成：x 加 3 等于 7。 → 我们把盒子里的唐术, 叫做 X。 这架天平就可以写成 X 加 3 等于 7。 
OK   a08 | 等号的意思是：左右两边一样重。 → 等号的意思是,左右两边一样重。 
OK   a09 | 想知道 x，就得让盒子单独留在一边。 → 想知道 X,就得让盒子单独留在一边。 
OK   a10 | 要是只从右边拿走 3 颗呢？天平马上就歪了。 → 要是只从右边拿走三颗呢? 偏平马上就歪了。 
OK   a11 | 所以，两边要一起拿：左边拿走 3 颗，右边也拿走 3 颗。 → 所以,两边要一起拿,左边拿走三颗,右边也拿走三颗。 
OK   a12 | 天平还是平的。左边只剩盒子，右边剩 4 颗。x 等于 4。 → 天平还是平的。 左边只剩盒子,右边剩四颗。 X 等于 4。 
OK   a13 | 这就是整节课最重要的一句话：两边做同样的事，天平就不会歪。 → 这就是整节课最重要的一句话,两边做同样的事,天平就不会歪。 
DIFF a14 | 第二步：被减掉的，就加回来。 → 第二步,被剪掉的,就加回来。    (similarity 0.91 < 0.92)
OK   a15 | 一只小老鼠，从盒子里偷吃了 2 颗糖。剩下的，和右边 5 颗一样重。 → 一只小老鼠从盒子里偷吃了两颗糖,剩下的和右边五颗一样重。 
OK   a16 | 写出来就是：x 减 2 等于 5。 → 写出来就是 x 减 2,等于 5。 
DIFF a17 | 盒子少了 2 颗，那就给两边，各放回 2 颗。 → 盒子少了两颗,那就给两边,各放回两颗。    (similarity 0.88 < 0.92)
OK   a18 | 左边又是完整的一盒；右边，5 加 2，是 7 颗。x 等于 7。 → 左边又是完整的一盒,右边5加2是7克。 x等于7。 
DIFF a19 | 你可能听过“移项要变号”：减 2 从左边跳到右边，就变成了加 2。 → 你可能听过一下要变好,解二从左边跳到右边,就变成了加二。    (similarity 0.84 < 0.92)
OK   a20 | 它其实就是“两边同时加 2”的简写。 → 它其实就是两边同时加二的简写。 
DIFF a21 | 第三步：乘了就除，除了就乘。 → 第三步,成了就除,除了就成。    (similarity 0.82 < 0.92)
OK   a22 | 现在左边有 3 个一模一样的盒子，右边是 12 颗糖。 → 现在左边有三个一模一样的盒子,右边是十二颗糖。 
OK   a23 | 3 个 x，写作 3x，意思是 3 乘 x。所以：3x 等于 12。 → 三个 x 写作 3x 意思是三胜 x,所以 3x 等于 12。 
OK   a24 | 把两边都平均分成 3 份：一个盒子，对应 4 颗糖。x 等于 4。 → 把两边都平均分成三份,一个盒子,对应四颗糖。 X 等于 4。 
OK   a25 | 反过来：半个盒子，有 5 颗糖。也就是 x 除以 2，等于 5。 → 反过来,半个盒子有五颗糖,也就是 x 除以 2,等于 5。 
DIFF a26 | 两边都乘 2，凑回一整盒：x 等于 10。 → 两边都乘二,凑合一整合,X等于十。    (similarity 0.76 < 0.92)
DIFF a27 | 第四步：倒着拆。 → 第四步 导致拆。    (similarity 0.67 < 0.92)
OK   a28 | 3 个盒子，再加 2 颗散糖，一共 14 颗。写成：3x 加 2 等于 14。 → 三个盒子再加两颗散糖一共14颗,写成3x加2等于14。 
OK   a29 | 这就像拆快递：最后包上的那一层，要最先拆开。 → 这就想拆快递,最后包上的那一层,要最先拆开。 
OK   a30 | 先拿走散糖：两边减 2，得到 3x 等于 12。 → 先拿走散糖,两边减2,得到3x等于12。 
DIFF a31 | 再平均分成 3 份：两边除以 3，x 等于 4。 → 在平均分成三分,两边处以三,X等于四。    (similarity 0.81 < 0.92)
DIFF a32 | 最后放回去检查：每盒 4 颗，3 盒 12 颗，加上 2 颗，正好 14。对了！ → 最后放回去检查,每合四颗,三颗十二颗,加上两颗,正好十四。对了。    (similarity 0.81 < 0.92)
OK   a33 | 第五步：公式变形。公式，就是一架写好规则的天平。 → 第五步 公式变形 公式 就是一架写好规则的天秤。 
OK   a34 | 比如买东西：总价，等于单价，乘以数量。 → 比如买东西,总价,等于单价,乘以数量。 
OK   a35 | 你买了 4 杯奶茶，一共花了 60 元。一杯多少钱？ → 你买了四杯奶茶,一共花了六十元。一杯多少钱? 
OK   a36 | 单价被乘了 4，那就两边同时除以 4：单价等于 60 除以 4，等于 15 元。 → 单价被乘了4 那就两边同时除以4 单价等于60除以4 等于15元。 
OK   a37 | 把数字换回文字：单价，等于总价除以数量。这就叫公式变形。 → 把数字换回文字、单价等于总价除以数量。这就叫公式变形。 
DIFF a38 | 公式里的文字和字母，就像盒子 x：只是还没打开的数。 → 公式里的文字和字母,就像合字x,只是还没打开的数。    (similarity 0.91 < 0.92)
OK   a39 | 最后，带走三句话。 → 最后,带走三句话。 
DIFF a40 | 一，等号是天平。 → 1. 等号是天评。    (similarity 0.83 < 0.92)
OK   a41 | 二，两边做同样的事，让 x 单独留下。 → 2.两边做同样的事,让x单独留下。 
OK   a42 | 三，倒着拆，最后放回去检查。 → 3. 倒着拆,最后放回去检查。 
OK   a43 | 现在，打开开头那个盒子看看。 → 现在,打开开头那个盒子看看。 
OK   a44 | 果然，4 颗。下次遇到方程，你也能把盒子打开。 → 果然,四颗。 下次遇到方程,你也能把盒子打开。 
mismatches: 11 (lang=zh, model=small)
